// Jest Snapshot v1, https://goo.gl/fbAQLP

exports[`BookMarkPost should render bookmark icon filled with white color when post is not bookmarked 1`] = `
<DocumentFragment>
  <button
    class="bookmark-post"
    type="submit"
  >
    <svg
      height="24"
      style="fill: #3b4252;"
      width="24"
      xmlns="http://www.w3.org/2000/svg"
    >
      <path
        d="M5 0v24l7-6 7 6v-24h-14zm1 1h12v20.827l-6-5.144-6 5.144v-20.827z"
      />
    </svg>
  </button>
</DocumentFragment>
`;
